// Jest Snapshot v1, https://goo.gl/fbAQLP

exports[`NavbarItem component snapshot test render NavbarItem unchanged 1`] = `
<div>
  <div>
    NavbarItem
  </div>
</div>
`;
